Qxu, Qxu, Qxu, Qxu, Qxu, Qxu, Qxu, Qxu, Qxu, Qxu, Qxu, Qxu, Qxu, Qxu, Qxu, Qxu, Qxu, Qxu, Qxu, Qxu, Qxu, Qxu, Qxu
Qxu, Qxu, Qxu, Qxu, Qxu, Qxu, Qxu, Qxu, Qxu, Qxu, Qxu, Qxu, Qxu, Qxu, Qxu, Qxu, Qxu, Qxu, Qxu, Qxu, Qxu, Qxu, Qxu
Qxu, Qxu, Qxu, Qxu, Qxu, Qxu, Qxu, Qxu, Qxu, Qxu, Qxu, Qxu, Qxu, Qxu, Qxu, Qxu, Qxu, Qxu, Qxu, Qxu, Qxu, Qxu, Qxu
Qxu, Qxu, Qxu, Qxu, Qxu, Qxu, Qxu, Qxu, Qxu, Qxu, Qxu, Qxu, Qxu, Qxu, Qxu, Qxu, Qxu, Qxu, Qxu, Qxu, Qxu, Qxu, Qxu
Qxu, Qxu, Qxu, Qxu, Qxu, Qxu, Qxu, Qxu, Qxu, Qxu, Qxu, Qxu, Qxu, Qxu, Qxu, Qxu, Qxu, Qxu, Qxu, Qxu, Qxu, Qxu, Qxu
Qxu, Qxu, Qxu, Qxu, Qxu, Qxu, Qxu, Qxu, Qxu, Qxu, Qxu, Qxu, Qxu, Qxu, Qxu, Qxu, Qxu, Qxu, Qxu, Qxu, Qxu, Qxu, Qxu
Qxu, Qxu, Qxu, Qxu, Qxu, Qxu, Qxu, Qxu, Qxu, Qxu, Ha, Qxu, Qxu, Qxu, Qxu, Qxu, Qxu, Qxu, Qxu, Qxu, Qxu, Qxu, Qxu
Qxu, Qxu, Qxu, Qxu, Ms, Ha, Ha, Ha, Aa, Aa, Ha, Aa, Aa, Aa, Aa, Qxu, Ms^Xm, Qxu, Qxu, Qxu, Qxu, Qxu, Qxu
Qxu, Qxu, Qxu, Ms, Ms^Xm, Ha, Irs, Irs, Aa, Ha, Ms^Xm, Ha, Ms, Ha, Ha, Aa, Ms^Xm, Ms^Xm, Ha, Ha, Ha, Qxu, Qxu
Qxu, Qxu, Ms, Ms, Ms^Xm, Cha, Cha, Ha, Ha, Ms, Qxu, Qxu, Qxu, Ms, Ha, Aa, Cha, Cha, Ha, Ms^Xm, Ms^Xm, Qxu, Qxu
Qxu, Qxu, Ha, Ms^Xm, Cha, Ha, Ha, Cha, Aa, Qxu, Qxu, Qxu, Qxu, Qxu, Ha, Cha, Irs, Irs, Cha, Ms^Xm, Qxu, Qxu, Qxu
Qxu, Qxu, Qxu, Cha, Ha, 3 Kha, Cha, Cha, Ha, Qxu, Qxu, 1 Ias, Qxu, Qxu, Irs, Cha, Cha, 4 Kha, Ha, Cha, Qxu, Qxu, Qxu
Qxu, Qxu, Ha, Cha, Cha, Ha, Irs, Irs, Ha, Qxu, Qxu, Qxu, Qxu, Qxu, Irs, Irs, Irs, Ha, Cha, Cha, Qxu, Qxu, Qxu
Qxu, Qxu, Ha, Ha, Ms^Xm, Cha, Irs, Ha, Irs, Ha, Aa^Fma, Qxu, Ha, Ha, Ha, Aa, Aa, Cha, Ha, Ha, Ha, Qxu, Qxu
Qxu, Qxu, Qxu, Ms, Ms, Ai, Irs, Irs, Ai, Aa, Aa^Fma, Aa^Fma, Ms, Ms, Aa^Fda, Aa^Fda, Irs, Irs, Ms^Xm, Ms, Ha, Qxu, Qxu
Qxu, Qxu, Qxu, Ms, Ai, Irs, Ai, Ha, Ms, Ha, Ha, Aa, Ha, Ha, Aa^Fda, Irs, Ai, Ai, Ms, Ms^Xm, Qxu, Qxu, Qxu
Qxu, Qxu, Qxu, Qxu, Qxu, Ai, Ha, Ha, Ms^Xm, Ms, Ha, Ai, Ai, Ai, Ha, Ai, Ha, Ha, Ha, Ms, Qxu, Qxu, Qxu
Qxu, Qxu, Qxu, Qxu, Qxu, Qxu, Qxu, Ms^Xm, Ms, Ms, Qxu, Qxu, Qxu, Qxu, Qxu, Ha, Qxu, Qxu, Qxu, Qxu, Qxu, Qxu, Qxu
Qxu, Qxu, Qxu, Qxu, Qxu, Qxu, Qxu, Qxu, Qxu, Qxu, Qxu, Qxu, Qxu, Qxu, Qxu, Qxu, Qxu, Qxu, Qxu, Qxu, Qxu, Qxu, Qxu
Qxu, Qxu, Qxu, Qxu, Qxu, Qxu, Qxu, Qxu, Qxu, Qxu, Qxu, Qxu, Qxu, Qxu, Qxu, Qxu, Qxu, Qxu, Qxu, Qxu, Qxu, Qxu, Qxu
Qxu, Qxu, Qxu, Qxu, Qxu, Qxu, Qxu, Qxu, Qxu, Qxu, Qxu, Qxu, Qxu, Qxu, Qxu, Qxu, Qxu, Qxu, Qxu, Qxu, Qxu, Qxu, Qxu
Qxu, Qxu, Qxu, Qxu, Qxu, Qxu, Qxu, Qxu, Qxu, Qxu, Qxu, Qxu, Qxu, Qxu, Qxu, Qxu, Qxu, Qxu, Qxu, Qxu, Qxu, Qxu, Qxu
Qxu, Qxu, Qxu, Qxu, Qxu, Qxu, Qxu, Qxu, Qxu, Qxu, Qxu, Qxu, Qxu, Qxu, Qxu, Qxu, Qxu, Qxu, Qxu, Qxu, Qxu, Qxu, Qxu
